---
source: src/instances/fio/opb.rs
expression: "* test\n5 x1 -3 x2 >= 4;  \n\nmin: 1 x1;"
---
- Cmt: "* test\n"
- Constr:
    Lb:
      lits:
        - - lidx: 0
          - 5
        - - lidx: 3
          - 3
      weight_sum: 8
      b: 7
- Obj:
    terms:
      - - 1
        - lidx: 0
    offset: 0
