---
source: src/instances/fio/dimacs.rs
expression: "c test\nh 1 2 0\no2 10 -3 4 5 0\no2 10 -3 4 5 0\no1 3 -1 0\no1 3 -1 0"
---
constrs:
  cnf:
    clauses:
      - lits:
          - lidx: 0
          - lidx: 2
  cards: []
  pbs: []
  var_manager:
    next_var:
      idx: 5
objs:
  - Weighted:
      offset: 0
      soft_lits:
        ? lidx: 0
        : 6
      soft_clauses: {}
  - Weighted:
      offset: 0
      soft_lits: {}
      soft_clauses:
        ? lits:
            - lidx: 5
            - lidx: 6
            - lidx: 8
        : 20
